 .text          0x804deba8      0x234 Source/Main_Game.asm.o
                0x804deba8                Generate_Ghost
                0x804debac                Weapon_Action
                0x804debb0                Main_Game_perform
                0x804ded28                Monochrome_Trap_Timer
                0x804ded2c                Monochrome_Trap_Intensity
                0x804ded30                perform_Monochrome_Trap
                0x804dedb8                to_Float
 .text          0x804deddc      0x100 Source/GuideMap.asm.o
                0x804deddc                GuideMap_set_Map_Room_Color
 .text          0x804deedc       0x14 Source/Event.asm.o
                0x804deedc                Event_perform_Archipelago_Tag
 .text          0x804deef0       0xbc Source/Furniture.asm.o
                0x804deef0                gFurniture_Generate_Lookup_Table
                0x804def1c                cFurniture_create_Diamond
                0x804def30                cFurniture_create_Gold_Diamond
                0x804def44                Furniture_create_Gold_Bars
 .text          0x804defac      0x1ac Source/GC2D.asm.o
                0x804defac                Player_Health_Color_1
                0x804defb0                Player_Health_Color_2
                0x804defb4                Player_Health_Color_3
                0x804defb8                Player_Health_Color_4
                0x804defbc                Player_Health_Color_5
                0x804defc0                Player_Health_Threshold_1
                0x804defc4                Player_Health_Threshold_2
                0x804defc8                Player_Health_Threshold_3
                0x804defcc                Player_Health_Threshold_4
                0x804defd0                Player_Health_Threshold_5
                0x804defd4                GC2D_use_Player_Health_Main_Counter_Colors
                0x804defd8                GC2D_draw_Player_Health_Counter_Main
                0x804df0f0                Custom_Boo_Counter_Bitfields
                0x804df0f8                GC2D_read_Boo_Counter_Bitfields
 .text          0x804df158       0x24 Source/Tsuri.asm.o
                0x804df158                Tsuri_set_Damage_Factor
 .text          0x804df17c      0x410 Source/Player.asm.o
                0x804df17c                Player_Reaction
                0x804df180                Player_Weapon_Trap_Timer
                0x804df184                Player_Weapon_Position
                0x804df190                Mirror_Warp_X
                0x804df194                Mirror_Warp_Y
                0x804df198                Mirror_Warp_Z
                0x804df19c                Player_perform
                0x804df478                Player_set_Equipment_Animation
                0x804df498                Player_set_Music_Speed
                0x804df4ac                Player_set_Game_Boy_Only_Mode
                0x804df4c8                Player_set_Game_Boy_Only_Visibility
                0x804df4e8                Player_set_Boss_Ghost_Rank
                0x804df550                Play_King_Boo_Gem_Fast_Pickup
                0x804df554                Player_play_King_Boo_Gem_Pickup_Sound
 .text          0x804df58c       0x88 Source/EnGhostA.asm.o
                0x804df58c                EnGhostA_get_Room_Light_Status
                0x804df5c4                EnGhostA_Disappear_Begin
 .text          0x804df614      0x314 Source/EnBasicTsuri.asm.o
                0x804df614                gTarget_Health_Gold_Rank_Threshold
                0x804df618                gTarget_Health_Silver_Rank_Threshold
                0x804df61c                EnBasicTsuri_init
                0x804df638                EnBasicTsuri_perform_Pearl_Drops
                0x804df7dc                EnBasicTsuri_get_Rank_Off_Threshold
                0x804df850                EnBasicTsuri_set_Portrait_Ghost_Rank
 .text          0x804df928       0x4c Source/EnAppear.asm.o
                0x804df928                EnAppear_wait_To_Appear
 .text          0x804df974       0xa0 Source/EnManager.asm.o
                0x804df974                EnManager_perform_Light_Check
                0x804df998                EnManager_clear_Required_Fields
 .text          0x804dfa14       0x3c Source/SaEnBossTelesa.asm.o
                0x804dfa14                Boolossus_Mini_Boo_Difficulty
                0x804dfa18                SaEnBossTelesa_set_Mini_Boo_Difficulty
                0x804dfa50                gArea_2_Halls
                0x804dfa60                gArea_3_Halls
                0x804dfa94                gPortrait_Ghost_Locations
                0x804dfab0                escape_Codes__8J2DPrint
                0x804dfaf0                gLine_Sizes
                0x804dfc78                gPortrait_Ghost_Starting_Health__6KtKagi
                0x804dfcd8                gGallery_Prompt_Release_Timer
                0x804dfcdc                gGallery_Prompt_Yes_Color
                0x804dfce0                gItem_Information_Timer
                0x804dfce4                gItem_Information
                0x804dfd08                gArea_2_Halls_On
                0x804dfd0c                gArea_3_Halls_On
                0x804dfd10                gGallery_Is_Retry_Mode
                0x804dfd14                gGallery_Prompt
                0x804dfd18                gGallery_Prompt_Alpha
                0x804dfd1c                gGallery_Prompt_Choice
                0x804dfd20                gGallery_Prompt_Choice_Held
                0x804dfd24                gGallery_Prompt_Confirm_Held
                0x804dfd28                gGallery_Closeup_Dismiss_Timer
                0x804dfd2c                gItem_Information_Alpha
                0x804dfd30                gTsuri_Speed
                0x804dfd38                gPlayer_Is_Game_Boy_Only
                0x804dfd40                gGallery_Current_Closeup_Portrait
